
> your-project-name@0.1.0 build
> next build

   Γû▓ Next.js 15.5.12
   - Environments: .env.local

   Creating an optimized production build ...
 Γ£ô Compiled successfully in 21.2s
   Linting and checking validity of types ...
node.exe : Failed to compile.
At line:1 char:1
+ & "C:\Program Files\nodejs/node.exe" "C:\Program Files\nodejs/node_mo ...
+ ~~~~~~~~~~~~~~~~~~~~~~~~~~~~~~~~~~~~~~~~~~~~~~~~~~~~~~~~~~~~~~~~~~~~~
    + CategoryInfo          : NotSpecified: (Failed to compile.:String) [], RemoteException
    + FullyQualifiedErrorId : NativeCommandError
 

./app/(store)/auth/login/page.tsx:39:22
Type error: 'searchParams' is possibly 'null'.

[0m [90m 37 |[39m   [36mconst[39m router [33m=[39m useRouter()[33m;[39m
 [90m 38 |[39m   [36mconst[39m searchParams [33m=[39m useSearchParams()[33m;[39m
[31m[1m>[22m[39m[90m 39 |[39m   [36mconst[39m isVerified [33m=[39m 
searchParams[33m.[39m[36mget[39m([32m'verified'[39m) [33m===[39m [32m'1'[39m[33m;[39m
 [90m    |[39m                      [31m[1m^[22m[39m
 [90m 40 |[39m
 [90m 41 |[39m   [36mconst[39m [formData[33m,[39m setFormData] [33m=[39m useState({
 [90m 42 |[39m     email[33m:[39m [32m''[39m[33m,[39m[0m
Next.js build worker exited with code: 1 and signal: null
